wwqwqw
